Clock: clk
Sources: clk 
Generated: no
Virtual: yes
Propagated: no
Period: 5.200000

===========================================================================
report_clock_properties
============================================================================
Clock                   Period          Waveform
----------------------------------------------------
clk                   5.200000    0.000000  2.600000

===========================================================================
report_clock_latency
============================================================================
Clock clk
rise -> rise
    min     max
0.000000 0.000000 source latency
0.549876         network latency _137_/CLK
        0.565952 network latency mem_i1/clk1
---------------
0.549876 0.565952 latency
        0.016077 skew

fall -> fall
    min     max
0.000000 0.000000 source latency
0.278445         network latency _137_/CLK
        0.293733 network latency mem_i1/clk1
---------------
0.278445 0.293733 latency
        0.015288 skew



===========================================================================
report_clock_min_period
============================================================================
clk period_min = 1.64 fmax = 610.09
