                                                                       Cells by Function                                                                        
┏━━━━━━━━━━━━━━━━━━━━━━━━━━━━━━━━━━━━━━━━━━━━━━━━━━━━━━━━━━━━━━━━━━━━━━━━━━━━━━━━━━━━━━━━━━━━━━━━━━━━━━━━━━━━━━━━━━━━━━━━━━━━━━━━┳━━━━━━━━━━━━━━━━━━━━━━━━━━━━━┓
┃ Cell Function                                                                                                                  ┃ Count                       ┃
┡━━━━━━━━━━━━━━━━━━━━━━━━━━━━━━━━━━━━━━━━━━━━━━━━━━━━━━━━━━━━━━━━━━━━━━━━━━━━━━━━━━━━━━━━━━━━━━━━━━━━━━━━━━━━━━━━━━━━━━━━━━━━━━━━╇━━━━━━━━━━━━━━━━━━━━━━━━━━━━━┩
│ sky130_ef_sc_hd__decap                                                                                                         │ 2711                        │
│ sky130_fd_sc_hd__a21oi                                                                                                         │ 2                           │
│ sky130_fd_sc_hd__and3                                                                                                          │ 4                           │
│ sky130_fd_sc_hd__buf                                                                                                           │ 48                          │
│ sky130_fd_sc_hd__bufinv                                                                                                        │ 1                           │
│ sky130_fd_sc_hd__clkbuf                                                                                                        │ 11                          │
│ sky130_fd_sc_hd__conb                                                                                                          │ 1                           │
│ sky130_fd_sc_hd__decap                                                                                                         │ 1259                        │
│ sky130_fd_sc_hd__dfrtp                                                                                                         │ 24                          │
│ sky130_fd_sc_hd__diode                                                                                                         │ 96                          │
│ sky130_fd_sc_hd__dlygate4sd3                                                                                                   │ 9                           │
│ sky130_fd_sc_hd__fill                                                                                                          │ 738                         │
│ sky130_fd_sc_hd__inv                                                                                                           │ 25                          │
│ sky130_fd_sc_hd__nand2                                                                                                         │ 1                           │
│ sky130_fd_sc_hd__nor2                                                                                                          │ 2                           │
│ sky130_fd_sc_hd__o2bb2a                                                                                                        │ 1                           │
│ sky130_fd_sc_hd__tapvpwrvgnd                                                                                                   │ 739                         │
│ sky130_fd_sc_hd__xnor2                                                                                                         │ 1                           │
│ sky130_fd_sc_hd__xor2                                                                                                          │ 3                           │
└────────────────────────────────────────────────────────────────────────────────────────────────────────────────────────────────┴─────────────────────────────┘
