Clock: clk
Sources: clk 
Generated: no
Virtual: yes
Propagated: no
Period: 5.000000

===========================================================================
report_clock_properties
============================================================================
Clock                   Period          Waveform
----------------------------------------------------
clk                   5.000000    0.000000  2.500000

===========================================================================
report_clock_latency
============================================================================
Clock clk
rise -> rise
    min     max
0.000000 0.000000 source latency
0.598184         network latency _134_/CLK
        0.618436 network latency mem_i1/clk1
---------------
0.598184 0.618436 latency
        0.020253 skew

fall -> fall
    min     max
0.000000 0.000000 source latency
0.467694         network latency _136_/CLK
        0.484210 network latency mem_i1/clk1
---------------
0.467694 0.484210 latency
        0.016516 skew



===========================================================================
report_clock_min_period
============================================================================
clk period_min = 1.49 fmax = 670.25
