
===========================================================================
 report_power
============================================================================
======================= min_ff_n40C_1v95 Corner ===================================

Group                    Internal    Switching      Leakage        Total
                            Power        Power        Power        Power (Watts)
------------------------------------------------------------------------
Sequential           2.348147e-04 0.000000e+00 4.026595e-10 2.348151e-04   0.0%
Combinational        4.379674e-06 1.430495e-05 1.269230e-09 1.868589e-05   0.0%
Clock                2.393344e-04 3.207453e-04 1.074219e-08 5.600905e-04   0.0%
Macro                4.187275e+07 0.000000e+00 1.944400e-05 4.187275e+07 100.0%
Pad                  0.000000e+00 0.000000e+00 0.000000e+00 0.000000e+00   0.0%
------------------------------------------------------------------------
Total                4.187275e+07 3.350503e-04 1.945642e-05 4.187275e+07 100.0%
                           100.0%         0.0%         0.0%

