
===========================================================================
 report_power
============================================================================
======================= nom_tt_025C_1v80 Corner ===================================

Group                    Internal    Switching      Leakage        Total
                            Power        Power        Power        Power (Watts)
------------------------------------------------------------------------
Sequential           2.020354e-04 0.000000e+00 3.344142e-10 2.020357e-04   0.0%
Combinational        3.914152e-06 1.135162e-05 6.480573e-10 1.526641e-05   0.0%
Clock                2.127592e-04 1.842869e-04 2.957729e-09 3.970491e-04   0.0%
Macro                4.187275e+07 0.000000e+00 1.944400e-05 4.187275e+07 100.0%
Pad                  0.000000e+00 0.000000e+00 0.000000e+00 0.000000e+00   0.0%
------------------------------------------------------------------------
Total                4.187275e+07 1.956385e-04 1.944835e-05 4.187275e+07 100.0%
                           100.0%         0.0%         0.0%
Writing metric power__internal__total: 41872752.0
Writing metric power__switching__total: 0.0001956385385710746
Writing metric power__leakage__total: 1.9448345483397134e-5
Writing metric power__total: 41872752.0

