                                                                        Cells by Master                                                                         
┏━━━━━━━━━━━━━━━━━━━━━━━━━━━━━━━━━━━━━━━━━━━━━━━━━━━━━━━━━━━━━━━━━━━━━━━━━━━━━━━━━━━━━━━━━━━━━━━━━━━━━━━━━━━━━━━━━━━━━━━━━━━━━━━━━━┳━━━━━━━━━━━━━━━━━━━━━━━━━━━┓
┃ Cell                                                                                                                             ┃ Count                     ┃
┡━━━━━━━━━━━━━━━━━━━━━━━━━━━━━━━━━━━━━━━━━━━━━━━━━━━━━━━━━━━━━━━━━━━━━━━━━━━━━━━━━━━━━━━━━━━━━━━━━━━━━━━━━━━━━━━━━━━━━━━━━━━━━━━━━━╇━━━━━━━━━━━━━━━━━━━━━━━━━━━┩
│ ram_256x16                                                                                                                       │ 2                         │
│ sky130_ef_sc_hd__decap_12                                                                                                        │ 4386                      │
│ sky130_fd_sc_hd__a21oi_1                                                                                                         │ 2                         │
│ sky130_fd_sc_hd__a41o_1                                                                                                          │ 1                         │
│ sky130_fd_sc_hd__and2_1                                                                                                          │ 1                         │
│ sky130_fd_sc_hd__and2b_1                                                                                                         │ 1                         │
│ sky130_fd_sc_hd__and3_1                                                                                                          │ 2                         │
│ sky130_fd_sc_hd__and4_1                                                                                                          │ 1                         │
│ sky130_fd_sc_hd__and4_2                                                                                                          │ 1                         │
│ sky130_fd_sc_hd__buf_1                                                                                                           │ 49                        │
│ sky130_fd_sc_hd__buf_2                                                                                                           │ 8                         │
│ sky130_fd_sc_hd__buf_4                                                                                                           │ 3                         │
│ sky130_fd_sc_hd__clkbuf_16                                                                                                       │ 5                         │
│ sky130_fd_sc_hd__clkbuf_2                                                                                                        │ 49                        │
│ sky130_fd_sc_hd__clkbuf_4                                                                                                        │ 1                         │
│ sky130_fd_sc_hd__clkbuf_8                                                                                                        │ 2                         │
│ sky130_fd_sc_hd__conb_1                                                                                                          │ 2                         │
│ sky130_fd_sc_hd__decap_3                                                                                                         │ 1153                      │
│ sky130_fd_sc_hd__decap_4                                                                                                         │ 144                       │
│ sky130_fd_sc_hd__decap_6                                                                                                         │ 676                       │
│ sky130_fd_sc_hd__decap_8                                                                                                         │ 323                       │
│ sky130_fd_sc_hd__dfrtp_1                                                                                                         │ 25                        │
│ sky130_fd_sc_hd__diode_2                                                                                                         │ 295                       │
│ sky130_fd_sc_hd__dlygate4sd3_1                                                                                                   │ 6                         │
│ sky130_fd_sc_hd__dlymetal6s2s_1                                                                                                  │ 2                         │
│ sky130_fd_sc_hd__fill_1                                                                                                          │ 977                       │
│ sky130_fd_sc_hd__fill_2                                                                                                          │ 249                       │
│ sky130_fd_sc_hd__inv_2                                                                                                           │ 26                        │
│ sky130_fd_sc_hd__inv_6                                                                                                           │ 1                         │
│ sky130_fd_sc_hd__mux2_1                                                                                                          │ 16                        │
│ sky130_fd_sc_hd__nor2_1                                                                                                          │ 4                         │
│ sky130_fd_sc_hd__tapvpwrvgnd_1                                                                                                   │ 1161                      │
│ sky130_fd_sc_hd__xor2_1                                                                                                          │ 4                         │
└──────────────────────────────────────────────────────────────────────────────────────────────────────────────────────────────────┴───────────────────────────┘
