Clock: clk
Sources: clk 
Generated: no
Virtual: yes
Propagated: no
Period: 5.200000

===========================================================================
report_clock_properties
============================================================================
Clock                   Period          Waveform
----------------------------------------------------
clk                   5.200000    0.000000  2.600000

===========================================================================
report_clock_latency
============================================================================
Clock clk
rise -> rise
    min     max
0.000000 0.000000 source latency
0.576316         network latency mem_i0/clk1
        0.595046 network latency _138_/CLK
---------------
0.576316 0.595046 latency
        0.018730 skew

fall -> fall
    min     max
0.000000 0.000000 source latency
0.474993         network latency mem_i0/clk1
        0.489390 network latency _138_/CLK
---------------
0.474993 0.489390 latency
        0.014396 skew



===========================================================================
report_clock_min_period
============================================================================
clk period_min = 1.50 fmax = 667.50
