Clock: clk
Sources: clk 
Generated: no
Virtual: yes
Propagated: no
Period: 10.000000

===========================================================================
report_clock_properties
============================================================================
Clock                   Period          Waveform
----------------------------------------------------
clk                  10.000000    0.000000  5.000000

===========================================================================
report_clock_latency
============================================================================
Clock clk
rise -> rise
    min     max
0.000000 0.000000 source latency
0.542339         network latency _094_/CLK
        0.549357 network latency _100_/CLK
---------------
0.542339 0.549357 latency
        0.007019 skew

fall -> fall
    min     max
0.000000 0.000000 source latency
0.451827         network latency _094_/CLK
        0.456422 network latency _100_/CLK
---------------
0.451827 0.456422 latency
        0.004595 skew



===========================================================================
report_clock_min_period
============================================================================
clk period_min = 1.58 fmax = 632.05
