┏━━━━━━━━━━━━━━━━━━━━━━┳━━━━━━━━━━┳━━━━━━━━━━┳━━━━━━━━━━┳━━━━━━━━━━┳━━━━━━━━━━━┳━━━━━━━━━━┳━━━━━━━━━━━┳━━━━━━━━━━┳━━━━━━━━━━━┳━━━━━━━━━━┳━━━━━━━━━━━┳━━━━━━━━━━┓
┃                      ┃ Hold     ┃ Reg to   ┃          ┃          ┃ of which  ┃ Setup    ┃           ┃          ┃           ┃ of which ┃           ┃          ┃
┃                      ┃ Worst    ┃ Reg      ┃          ┃ Hold Vio ┃ reg to    ┃ Worst    ┃ Reg to    ┃ Setup    ┃ Setup Vio ┃ reg to   ┃ Max Cap   ┃ Max Slew ┃
┃ Corner/Group         ┃ Slack    ┃ Paths    ┃ Hold TNS ┃ Count    ┃ reg       ┃ Slack    ┃ Reg Paths ┃ TNS      ┃ Count     ┃ reg      ┃ Violatio… ┃ Violati… ┃
┡━━━━━━━━━━━━━━━━━━━━━━╇━━━━━━━━━━╇━━━━━━━━━━╇━━━━━━━━━━╇━━━━━━━━━━╇━━━━━━━━━━━╇━━━━━━━━━━╇━━━━━━━━━━━╇━━━━━━━━━━╇━━━━━━━━━━━╇━━━━━━━━━━╇━━━━━━━━━━━╇━━━━━━━━━━┩
│ Overall              │ 0.1413   │ 0.1413   │ 0.0000   │ 0        │ 0         │ -0.3072  │ -0.2474   │ -5.0172  │ 65        │ 18       │ 1         │ 92       │
│ nom_tt_025C_1v80     │ 0.3332   │ 0.3332   │ 0.0000   │ 0        │ 0         │ 0.8956   │ 0.9077    │ 0.0000   │ 0         │ 0        │ 1         │ 32       │
│ nom_ss_100C_1v60     │ 0.8307   │ 0.8307   │ 0.0000   │ 0        │ 0         │ -0.2594  │ -0.1988   │ -3.8894  │ 23        │ 7        │ 1         │ 92       │
│ nom_ff_n40C_1v95     │ 0.1454   │ 0.1454   │ 0.0000   │ 0        │ 0         │ 1.2886   │ 1.2886    │ 0.0000   │ 0         │ 0        │ 1         │ 32       │
│ min_tt_025C_1v80     │ 0.3263   │ 0.3263   │ 0.0000   │ 0        │ 0         │ 0.9471   │ 0.9720    │ 0.0000   │ 0         │ 0        │ 1         │ 32       │
│ min_ss_100C_1v60     │ 0.8178   │ 0.8178   │ 0.0000   │ 0        │ 0         │ -0.1681  │ -0.0885   │ -1.9785  │ 19        │ 4        │ 1         │ 76       │
│ min_ff_n40C_1v95     │ 0.1413   │ 0.1413   │ 0.0000   │ 0        │ 0         │ 1.3308   │ 1.3308    │ 0.0000   │ 0         │ 0        │ 1         │ 32       │
│ max_tt_025C_1v80     │ 0.3397   │ 0.3397   │ 0.0000   │ 0        │ 0         │ 0.8626   │ 0.8746    │ 0.0000   │ 0         │ 0        │ 1         │ 36       │
│ max_ss_100C_1v60     │ 0.8427   │ 0.8427   │ 0.0000   │ 0        │ 0         │ -0.3072  │ -0.2474   │ -5.0172  │ 23        │ 7        │ 1         │ 92       │
│ max_ff_n40C_1v95     │ 0.1496   │ 0.1496   │ 0.0000   │ 0        │ 0         │ 1.2670   │ 1.2670    │ 0.0000   │ 0         │ 0        │ 1         │ 32       │
└──────────────────────┴──────────┴──────────┴──────────┴──────────┴───────────┴──────────┴───────────┴──────────┴───────────┴──────────┴───────────┴──────────┘
