
===========================================================================
 report_power
============================================================================
======================= nom_tt_025C_1v80 Corner ===================================

Group                    Internal    Switching      Leakage        Total
                            Power        Power        Power        Power (Watts)
------------------------------------------------------------------------
Sequential           2.043205e-04 0.000000e+00 2.966032e-10 2.043208e-04   0.0%
Combinational        2.686137e-06 5.053610e-06 2.943407e-10 7.740042e-06   0.0%
Clock                0.000000e+00 0.000000e+00 2.877174e-09 2.877174e-09   0.0%
Macro                4.187275e+07 0.000000e+00 1.944400e-05 4.187275e+07 100.0%
Pad                  0.000000e+00 0.000000e+00 0.000000e+00 0.000000e+00   0.0%
------------------------------------------------------------------------
Total                4.187275e+07 5.053610e-06 1.944782e-05 4.187275e+07 100.0%
                           100.0%         0.0%         0.0%
Writing metric power__internal__total: 41872752.0
Writing metric power__switching__total: 5.053610493632732e-6
Writing metric power__leakage__total: 1.9447823433438316e-5
Writing metric power__total: 41872752.0

