┏━━━━━━━┳━━━━━━━━━┳━━━━━━━━━━┳━━━━━━━━━━━━━━━━━━━━━┳━━━━━━━━━━━┳━━━━━━━┓
┃ P / R ┃ Partial ┃ Required ┃ Net                 ┃ Pin       ┃ Layer ┃
┡━━━━━━━╇━━━━━━━━━╇━━━━━━━━━━╇━━━━━━━━━━━━━━━━━━━━━╇━━━━━━━━━━━╇━━━━━━━┩
│ 8.95  │ 3581.63 │ 400.00   │ net118              │ wire116/A │ met3  │
│ 8.95  │ 3581.63 │ 400.00   │ net120              │ wire119/A │ met3  │
│ 4.53  │ 1812.92 │ 400.00   │ net103              │ _091_/B   │ met1  │
│ 2.73  │ 1093.75 │ 400.00   │ sine_out_temp0[0\]  │ wire99/A  │ met3  │
│ 2.73  │ 1093.75 │ 400.00   │ sine_out_temp0[1\]  │ wire92/A  │ met3  │
│ 2.60  │ 1041.92 │ 400.00   │ sine_out_temp0[2\]  │ wire91/A  │ met3  │
│ 2.48  │ 990.08  │ 400.00   │ sine_out_temp0[3\]  │ wire90/A  │ met3  │
│ 2.09  │ 837.88  │ 400.00   │ net124              │ wire122/A │ met1  │
│ 2.09  │ 834.59  │ 400.00   │ sine_out_temp0[5\]  │ wire88/A  │ met3  │
│ 2.09  │ 834.59  │ 400.00   │ sine_out_temp0[7\]  │ wire86/A  │ met3  │
│ 1.96  │ 782.76  │ 400.00   │ sine_out_temp0[12\] │ wire96/A  │ met3  │
│ 1.96  │ 782.76  │ 400.00   │ sine_out_temp0[13\] │ wire95/A  │ met3  │
│ 1.96  │ 782.76  │ 400.00   │ sine_out_temp0[4\]  │ wire89/A  │ met3  │
│ 1.96  │ 782.76  │ 400.00   │ sine_out_temp1[15\] │ wire77/A  │ met3  │
│ 1.96  │ 782.76  │ 400.00   │ sine_out_temp1[4\]  │ wire73/A  │ met3  │
│ 1.96  │ 782.76  │ 400.00   │ sine_out_temp1[5\]  │ wire72/A  │ met3  │
│ 1.83  │ 730.93  │ 400.00   │ sine_out_temp0[9\]  │ wire84/A  │ met3  │
│ 1.83  │ 730.93  │ 400.00   │ sine_out_temp1[3\]  │ wire74/A  │ met3  │
│ 1.70  │ 679.10  │ 400.00   │ sine_out_temp1[2\]  │ wire75/A  │ met3  │
│ 1.57  │ 627.27  │ 400.00   │ sine_out_temp0[10\] │ wire98/A  │ met3  │
│ 1.57  │ 627.27  │ 400.00   │ sine_out_temp0[6\]  │ wire87/A  │ met3  │
│ 1.57  │ 627.27  │ 400.00   │ sine_out_temp0[8\]  │ wire85/A  │ met3  │
│ 1.57  │ 627.27  │ 400.00   │ sine_out_temp1[1\]  │ wire76/A  │ met3  │
│ 1.48  │ 593.67  │ 400.00   │ net73               │ _067_/A1  │ met1  │
│ 1.44  │ 575.44  │ 400.00   │ sine_out_temp0[11\] │ wire97/A  │ met3  │
│ 1.44  │ 575.44  │ 400.00   │ sine_out_temp0[14\] │ wire94/A  │ met3  │
│ 1.44  │ 575.44  │ 400.00   │ sine_out_temp0[15\] │ wire93/A  │ met3  │
│ 1.13  │ 453.93  │ 400.00   │ sine_out_temp1[14\] │ wire78/A  │ met1  │
│ 1.11  │ 445.82  │ 400.00   │ net84               │ _072_/A0  │ met1  │
│ 1.01  │ 404.11  │ 400.00   │ net85               │ _071_/A0  │ met1  │
└───────┴─────────┴──────────┴─────────────────────┴───────────┴───────┘
