
===========================================================================
 report_power
============================================================================
======================= nom_tt_025C_1v80 Corner ===================================

Group                    Internal    Switching      Leakage        Total
                            Power        Power        Power        Power (Watts)
------------------------------------------------------------------------
Sequential           9.789215e-05 0.000000e+00 2.843003e-10 9.789244e-05   0.0%
Combinational        1.203773e-06 2.011680e-06 1.741759e-10 3.215627e-06   0.0%
Clock                0.000000e+00 0.000000e+00 1.522822e-09 1.522822e-09   0.0%
Macro                1.046819e+07 0.000000e+00 9.722001e-06 1.046819e+07 100.0%
Pad                  0.000000e+00 0.000000e+00 0.000000e+00 0.000000e+00   0.0%
------------------------------------------------------------------------
Total                1.046819e+07 2.011680e-06 9.724169e-06 1.046819e+07 100.0%
                           100.0%         0.0%         0.0%
Writing metric power__internal__total: 10468188.0
Writing metric power__switching__total: 2.011679953284329e-6
Writing metric power__leakage__total: 9.72416910371976e-6
Writing metric power__total: 10468188.0

