Clock: clk
Sources: clk 
Generated: no
Virtual: yes
Propagated: no
Period: 5.000000

===========================================================================
report_clock_properties
============================================================================
Clock                   Period          Waveform
----------------------------------------------------
clk                   5.000000    0.000000  2.500000

===========================================================================
report_clock_latency
============================================================================
Clock clk
rise -> rise
    min     max
0.000000 0.000000 source latency
0.505987         network latency _134_/CLK
        0.626540 network latency mem_i1/clk1
---------------
0.505987 0.626540 latency
        0.120553 skew

fall -> fall
    min     max
0.000000 0.000000 source latency
0.402934         network latency _134_/CLK
        0.489356 network latency mem_i1/clk1
---------------
0.402934 0.489356 latency
        0.086422 skew



===========================================================================
report_clock_min_period
============================================================================
clk period_min = 1.54 fmax = 647.73
