Clock: clk
Sources: clk 
Generated: no
Virtual: yes
Propagated: no
Period: 10.000000

===========================================================================
report_clock_properties
============================================================================
Clock                   Period          Waveform
----------------------------------------------------
clk                  10.000000    0.000000  5.000000

===========================================================================
report_clock_latency
============================================================================
Clock clk
rise -> rise
    min     max
0.000000 0.000000 source latency
0.689798         network latency _083_/CLK
        0.697836 network latency _090_/CLK
---------------
0.689798 0.697836 latency
        0.008038 skew

fall -> fall
    min     max
0.000000 0.000000 source latency
0.550570         network latency _083_/CLK
        0.562657 network latency _090_/CLK
---------------
0.550570 0.562657 latency
        0.012087 skew



===========================================================================
report_clock_min_period
============================================================================
clk period_min = 2.05 fmax = 487.78
