
===========================================================================
 report_power
============================================================================
======================= nom_ss_100C_1v60 Corner ===================================

Group                    Internal    Switching      Leakage        Total
                            Power        Power        Power        Power (Watts)
------------------------------------------------------------------------
Sequential           1.486051e-04 0.000000e+00 4.566870e-07 1.490618e-04   0.0%
Combinational        2.834824e-06 9.697919e-06 8.883404e-07 1.342108e-05   0.0%
Clock                1.495451e-04 2.245235e-04 1.166301e-07 3.741852e-04   0.0%
Macro                4.026226e+07 0.000000e+00 1.944400e-05 4.026226e+07 100.0%
Pad                  0.000000e+00 0.000000e+00 0.000000e+00 0.000000e+00   0.0%
------------------------------------------------------------------------
Total                4.026226e+07 2.342214e-04 2.090565e-05 4.026226e+07 100.0%
                           100.0%         0.0%         0.0%

