
===========================================================================
 report_power
============================================================================
======================= nom_tt_025C_1v80 Corner ===================================

Group                    Internal    Switching      Leakage        Total
                            Power        Power        Power        Power (Watts)
------------------------------------------------------------------------
Sequential           2.020928e-04 0.000000e+00 3.344142e-10 2.020931e-04   0.0%
Combinational        3.661456e-06 1.028199e-05 6.445818e-10 1.394409e-05   0.0%
Clock                2.144905e-04 1.914105e-04 3.080822e-09 4.059041e-04   0.0%
Macro                4.187275e+07 0.000000e+00 1.944400e-05 4.187275e+07 100.0%
Pad                  0.000000e+00 0.000000e+00 0.000000e+00 0.000000e+00   0.0%
------------------------------------------------------------------------
Total                4.187275e+07 2.016924e-04 1.944847e-05 4.187275e+07 100.0%
                           100.0%         0.0%         0.0%
Writing metric power__internal__total: 41872752.0
Writing metric power__switching__total: 0.000201692440896295
Writing metric power__leakage__total: 1.9448469174676575e-5
Writing metric power__total: 41872752.0

