
===========================================================================
 report_power
============================================================================
======================= max_tt_025C_1v80 Corner ===================================

Group                    Internal    Switching      Leakage        Total
                            Power        Power        Power        Power (Watts)
------------------------------------------------------------------------
Sequential           1.940965e-04 0.000000e+00 3.184226e-10 1.940968e-04   0.0%
Combinational        7.925554e-06 2.139272e-05 3.709590e-10 2.931865e-05   0.0%
Clock                1.619489e-04 1.990731e-04 4.130924e-09 3.610261e-04   0.0%
Macro                2.093638e+07 0.000000e+00 9.722001e-06 2.093638e+07 100.0%
Pad                  0.000000e+00 0.000000e+00 0.000000e+00 0.000000e+00   0.0%
------------------------------------------------------------------------
Total                2.093638e+07 2.204658e-04 9.726819e-06 2.093638e+07 100.0%
                           100.0%         0.0%         0.0%

