
===========================================================================
 report_power
============================================================================
======================= min_tt_025C_1v80 Corner ===================================

Group                    Internal    Switching      Leakage        Total
                            Power        Power        Power        Power (Watts)
------------------------------------------------------------------------
Sequential           2.020344e-04 0.000000e+00 3.344142e-10 2.020347e-04   0.0%
Combinational        3.627359e-06 1.225059e-05 6.816329e-10 1.587863e-05   0.0%
Clock                2.099597e-04 2.743164e-04 8.912552e-09 4.842850e-04   0.0%
Macro                4.187275e+07 0.000000e+00 1.944400e-05 4.187275e+07 100.0%
Pad                  0.000000e+00 0.000000e+00 0.000000e+00 0.000000e+00   0.0%
------------------------------------------------------------------------
Total                4.187275e+07 2.865670e-04 1.945395e-05 4.187275e+07 100.0%
                           100.0%         0.0%         0.0%

