
===========================================================================
 report_power
============================================================================
======================= min_ss_100C_1v60 Corner ===================================

Group                    Internal    Switching      Leakage        Total
                            Power        Power        Power        Power (Watts)
------------------------------------------------------------------------
Sequential           1.479217e-04 0.000000e+00 4.729787e-07 1.483947e-04   0.0%
Combinational        1.473331e-06 2.088000e-06 3.178950e-07 3.879226e-06   0.0%
Clock                0.000000e+00 0.000000e+00 0.000000e+00 0.000000e+00   0.0%
Macro                4.026226e+07 0.000000e+00 1.944400e-05 4.026226e+07 100.0%
Pad                  0.000000e+00 0.000000e+00 0.000000e+00 0.000000e+00   0.0%
------------------------------------------------------------------------
Total                4.026226e+07 2.088000e-06 2.023487e-05 4.026226e+07 100.0%
                           100.0%         0.0%         0.0%

