Clock: clk
Sources: clk 
Generated: no
Virtual: yes
Propagated: no
Period: 5.000000

===========================================================================
report_clock_properties
============================================================================
Clock                   Period          Waveform
----------------------------------------------------
clk                   5.000000    0.000000  2.500000

===========================================================================
report_clock_latency
============================================================================
Clock clk
rise -> rise
    min     max
0.000000 0.000000 source latency
0.520499         network latency mem_i1/clk1
        0.554066 network latency _137_/CLK
---------------
0.520499 0.554066 latency
        0.033567 skew

fall -> fall
    min     max
0.000000 0.000000 source latency
0.253655         network latency mem_i1/clk1
        0.286114 network latency _137_/CLK
---------------
0.253655 0.286114 latency
        0.032459 skew



===========================================================================
report_clock_min_period
============================================================================
clk period_min = 1.89 fmax = 530.11
