Clock: clk
Sources: clk 
Generated: no
Virtual: yes
Propagated: no
Period: 5.000000

===========================================================================
report_clock_properties
============================================================================
Clock                   Period          Waveform
----------------------------------------------------
clk                   5.000000    0.000000  2.500000

===========================================================================
report_clock_latency
============================================================================
Clock clk
rise -> rise
    min     max
0.000000 0.000000 source latency
0.641193         network latency mem_i0/clk1
        0.664552 network latency _128_/CLK
---------------
0.641193 0.664552 latency
        0.023359 skew

fall -> fall
    min     max
0.000000 0.000000 source latency
0.520206         network latency mem_i0/clk1
        0.538629 network latency _128_/CLK
---------------
0.520206 0.538629 latency
        0.018422 skew



===========================================================================
report_clock_min_period
============================================================================
clk period_min = 1.60 fmax = 626.46
