Clock: clk
Sources: clk 
Generated: no
Virtual: yes
Propagated: no
Period: 5.000000

===========================================================================
report_clock_properties
============================================================================
Clock                   Period          Waveform
----------------------------------------------------
clk                   5.000000    0.000000  2.500000

===========================================================================
report_clock_latency
============================================================================
Clock clk
rise -> rise
    min     max
0.000000 0.000000 source latency
1.615369         network latency mem_i0/clk1
        1.673739 network latency _123_/CLK
---------------
1.615369 1.673739 latency
        0.058370 skew

fall -> fall
    min     max
0.000000 0.000000 source latency
1.280905         network latency mem_i0/clk1
        1.327575 network latency _139_/CLK
---------------
1.280905 1.327575 latency
        0.046670 skew



===========================================================================
report_clock_min_period
============================================================================
clk period_min = 3.33 fmax = 299.85
