
===========================================================================
 report_power
============================================================================
======================= nom_tt_025C_1v80 Corner ===================================

Group                    Internal    Switching      Leakage        Total
                            Power        Power        Power        Power (Watts)
------------------------------------------------------------------------
Sequential           2.020354e-04 0.000000e+00 3.344142e-10 2.020358e-04   0.0%
Combinational        3.913964e-06 1.134263e-05 6.633915e-10 1.525726e-05   0.0%
Clock                2.127592e-04 1.842869e-04 2.957729e-09 3.970491e-04   0.0%
Macro                4.187275e+07 0.000000e+00 1.944400e-05 4.187275e+07 100.0%
Pad                  0.000000e+00 0.000000e+00 0.000000e+00 0.000000e+00   0.0%
------------------------------------------------------------------------
Total                4.187275e+07 1.956295e-04 1.944836e-05 4.187275e+07 100.0%
                           100.0%         0.0%         0.0%
Writing metric power__internal__total: 41872752.0
Writing metric power__switching__total: 0.00019562954548746347
Writing metric power__leakage__total: 1.9448361854301766e-5
Writing metric power__total: 41872752.0

