
===========================================================================
 report_power
============================================================================
======================= nom_tt_025C_1v80 Corner ===================================

Group                    Internal    Switching      Leakage        Total
                            Power        Power        Power        Power (Watts)
------------------------------------------------------------------------
Sequential           1.940746e-04 0.000000e+00 3.184226e-10 1.940749e-04   0.0%
Combinational        7.925969e-06 2.084194e-05 3.002214e-10 2.876821e-05   0.0%
Clock                1.618847e-04 1.924258e-04 4.143884e-09 3.543146e-04   0.0%
Macro                2.093638e+07 0.000000e+00 9.722001e-06 2.093638e+07 100.0%
Pad                  0.000000e+00 0.000000e+00 0.000000e+00 0.000000e+00   0.0%
------------------------------------------------------------------------
Total                2.093638e+07 2.132677e-04 9.726759e-06 2.093638e+07 100.0%
                           100.0%         0.0%         0.0%

