┏━━━━━━━━━━━━━━━━━━━━━━┳━━━━━━━━━━┳━━━━━━━━━━┳━━━━━━━━━━┳━━━━━━━━━━┳━━━━━━━━━━━┳━━━━━━━━━━┳━━━━━━━━━━━┳━━━━━━━━━━┳━━━━━━━━━━━┳━━━━━━━━━━┳━━━━━━━━━━━┳━━━━━━━━━━┓
┃                      ┃ Hold     ┃ Reg to   ┃          ┃          ┃ of which  ┃ Setup    ┃           ┃          ┃           ┃ of which ┃           ┃          ┃
┃                      ┃ Worst    ┃ Reg      ┃          ┃ Hold Vio ┃ reg to    ┃ Worst    ┃ Reg to    ┃ Setup    ┃ Setup Vio ┃ reg to   ┃ Max Cap   ┃ Max Slew ┃
┃ Corner/Group         ┃ Slack    ┃ Paths    ┃ Hold TNS ┃ Count    ┃ reg       ┃ Slack    ┃ Reg Paths ┃ TNS      ┃ Count     ┃ reg      ┃ Violatio… ┃ Violati… ┃
┡━━━━━━━━━━━━━━━━━━━━━━╇━━━━━━━━━━╇━━━━━━━━━━╇━━━━━━━━━━╇━━━━━━━━━━╇━━━━━━━━━━━╇━━━━━━━━━━╇━━━━━━━━━━━╇━━━━━━━━━━╇━━━━━━━━━━━╇━━━━━━━━━━╇━━━━━━━━━━━╇━━━━━━━━━━┩
│ Overall              │ 0.1483   │ 0.1483   │ 0.0000   │ 0        │ 0         │ 4.3764   │ 4.3764    │ 0.0000   │ 0         │ 0        │ 0         │ 16       │
│ nom_tt_025C_1v80     │ 0.3401   │ 0.3401   │ 0.0000   │ 0        │ 0         │ 4.4546   │ 4.4546    │ 0.0000   │ 0         │ 0        │ 0         │ 16       │
│ nom_ss_100C_1v60     │ 0.6010   │ 0.8339   │ 0.0000   │ 0        │ 0         │ 4.3862   │ 4.3862    │ 0.0000   │ 0         │ 0        │ 0         │ 16       │
│ nom_ff_n40C_1v95     │ 0.1534   │ 0.1534   │ 0.0000   │ 0        │ 0         │ 4.4289   │ 4.4289    │ 0.0000   │ 0         │ 0        │ 0         │ 16       │
│ min_tt_025C_1v80     │ 0.3325   │ 0.3325   │ 0.0000   │ 0        │ 0         │ 4.4561   │ 4.4561    │ 0.0000   │ 0         │ 0        │ 0         │ 16       │
│ min_ss_100C_1v60     │ 0.6428   │ 0.8208   │ 0.0000   │ 0        │ 0         │ 4.3764   │ 4.3764    │ 0.0000   │ 0         │ 0        │ 0         │ 16       │
│ min_ff_n40C_1v95     │ 0.1483   │ 0.1483   │ 0.0000   │ 0        │ 0         │ 4.4330   │ 4.4330    │ 0.0000   │ 0         │ 0        │ 0         │ 16       │
│ max_tt_025C_1v80     │ 0.3452   │ 0.3452   │ 0.0000   │ 0        │ 0         │ 4.4517   │ 4.4517    │ 0.0000   │ 0         │ 0        │ 0         │ 16       │
│ max_ss_100C_1v60     │ 0.5777   │ 0.8423   │ 0.0000   │ 0        │ 0         │ 4.3875   │ 4.3875    │ 0.0000   │ 0         │ 0        │ 0         │ 16       │
│ max_ff_n40C_1v95     │ 0.1567   │ 0.1567   │ 0.0000   │ 0        │ 0         │ 4.4237   │ 4.4237    │ 0.0000   │ 0         │ 0        │ 0         │ 16       │
└──────────────────────┴──────────┴──────────┴──────────┴──────────┴───────────┴──────────┴───────────┴──────────┴───────────┴──────────┴───────────┴──────────┘
