
===========================================================================
 report_power
============================================================================
======================= nom_tt_025C_1v80 Corner ===================================

Group                    Internal    Switching      Leakage        Total
                            Power        Power        Power        Power (Watts)
------------------------------------------------------------------------
Sequential           2.021786e-04 0.000000e+00 3.344142e-10 2.021790e-04   0.0%
Combinational        3.564309e-06 8.876190e-06 8.048015e-10 1.244130e-05   0.0%
Clock                1.143036e-04 2.068773e-04 3.289112e-09 3.211842e-04   0.0%
Macro                4.187275e+07 0.000000e+00 1.944400e-05 4.187275e+07 100.0%
Pad                  0.000000e+00 0.000000e+00 0.000000e+00 0.000000e+00   0.0%
------------------------------------------------------------------------
Total                4.187275e+07 2.157534e-04 1.944888e-05 4.187275e+07 100.0%
                           100.0%         0.0%         0.0%
Writing metric power__internal__total: 41872752.0
Writing metric power__switching__total: 0.0002157534472644329
Writing metric power__leakage__total: 1.944888208527118e-5
Writing metric power__total: 41872752.0

