
===========================================================================
 report_power
============================================================================
======================= min_ff_n40C_1v95 Corner ===================================

Group                    Internal    Switching      Leakage        Total
                            Power        Power        Power        Power (Watts)
------------------------------------------------------------------------
Sequential           2.258288e-04 0.000000e+00 4.044116e-10 2.258292e-04   0.0%
Combinational        9.082891e-06 2.359816e-05 5.662947e-10 3.268162e-05   0.0%
Clock                1.845696e-04 2.129425e-04 5.072466e-09 3.975172e-04   0.0%
Macro                2.093638e+07 0.000000e+00 9.722001e-06 2.093638e+07 100.0%
Pad                  0.000000e+00 0.000000e+00 0.000000e+00 0.000000e+00   0.0%
------------------------------------------------------------------------
Total                2.093638e+07 2.365408e-04 9.728043e-06 2.093638e+07 100.0%
                           100.0%         0.0%         0.0%

