
===========================================================================
report_checks -unconstrained
===========================================================================
======================= nom_ff_n40C_1v95 Corner ===================================

Startpoint: rst (input port clocked by clk)
Endpoint: _131_ (recovery check against rising-edge clock clk)
Path Group: asynchronous
Path Type: max

Fanout         Cap        Slew       Delay        Time   Description
---------------------------------------------------------------------------------------------
                                  0.000000    0.000000   clock clk (rise edge)
                                  0.000000    0.000000   clock network delay (propagated)
                                  2.500000    2.500000 v input external delay
     2    0.003650    0.005968    0.003022    2.503022 v rst (in)
                                                         rst (net)
                      0.005969    0.000000    2.503022 v input51/A (sky130_fd_sc_hd__buf_1)
     3    0.016675    0.068778    0.088371    2.591393 v input51/X (sky130_fd_sc_hd__buf_1)
                                                         net51 (net)
                      0.068832    0.001242    2.592635 v fanout112/A (sky130_fd_sc_hd__buf_4)
    17    0.082452    0.079345    0.151469    2.744104 v fanout112/X (sky130_fd_sc_hd__buf_4)
                                                         net112 (net)
                      0.079352    0.000830    2.744934 v fanout111/A (sky130_fd_sc_hd__buf_2)
    11    0.041005    0.073645    0.143866    2.888800 v fanout111/X (sky130_fd_sc_hd__buf_2)
                                                         net111 (net)
                      0.073648    0.000643    2.889443 v fanout109/A (sky130_fd_sc_hd__buf_4)
    10    0.055304    0.060148    0.143947    3.033391 v fanout109/X (sky130_fd_sc_hd__buf_4)
                                                         net109 (net)
                      0.060155    0.000695    3.034086 v _106_/A (sky130_fd_sc_hd__inv_2)
     1    0.006727    0.032665    0.048436    3.082522 ^ _106_/Y (sky130_fd_sc_hd__inv_2)
                                                         _036_ (net)
                      0.032665    0.000196    3.082718 ^ _131_/RESET_B (sky130_fd_sc_hd__dfrtp_1)
                                              3.082718   data arrival time

                                  5.000000    5.000000   clock clk (rise edge)
                                  0.000000    5.000000   clock source latency
     2    0.119492    0.401020    0.281431    5.281432 ^ clk (in)
                                                         clk (net)
                      0.401212    0.000000    5.281432 ^ clkbuf_0_clk/A (sky130_fd_sc_hd__clkbuf_16)
     9    0.132339    0.115509    0.194187    5.475619 ^ clkbuf_0_clk/X (sky130_fd_sc_hd__clkbuf_16)
                                                         clknet_0_clk (net)
                      0.117031    0.010410    5.486029 ^ clkbuf_2_0__f_clk/A (sky130_fd_sc_hd__clkbuf_16)
    19    0.055730    0.057036    0.128312    5.614341 ^ clkbuf_2_0__f_clk/X (sky130_fd_sc_hd__clkbuf_16)
                                                         clknet_2_0__leaf_clk (net)
                      0.057181    0.001828    5.616169 ^ _131_/CLK (sky130_fd_sc_hd__dfrtp_1)
                                 -0.250000    5.366169   clock uncertainty
                                  0.000000    5.366169   clock reconvergence pessimism
                                  0.147263    5.513433   library recovery time
                                              5.513433   data required time
---------------------------------------------------------------------------------------------
                                              5.513433   data required time
                                             -3.082718   data arrival time
---------------------------------------------------------------------------------------------
                                              2.430715   slack (MET)


Startpoint: _142_ (rising edge-triggered flip-flop clocked by clk)
Endpoint: sine_out[5] (output port clocked by clk)
Path Group: clk
Path Type: max

Fanout         Cap        Slew       Delay        Time   Description
---------------------------------------------------------------------------------------------
                                  0.000000    0.000000   clock clk (rise edge)
                                  0.000000    0.000000   clock source latency
     2    0.119492    0.401020    0.281432    0.281432 ^ clk (in)
                                                         clk (net)
                      0.401212    0.000000    0.281432 ^ clkbuf_0_clk/A (sky130_fd_sc_hd__clkbuf_16)
     9    0.132339    0.115509    0.194187    0.475619 ^ clkbuf_0_clk/X (sky130_fd_sc_hd__clkbuf_16)
                                                         clknet_0_clk (net)
                      0.116195    0.007070    0.482689 ^ clkbuf_2_3__f_clk/A (sky130_fd_sc_hd__clkbuf_16)
    15    0.082091    0.076285    0.141911    0.624600 ^ clkbuf_2_3__f_clk/X (sky130_fd_sc_hd__clkbuf_16)
                                                         clknet_2_3__leaf_clk (net)
                      0.076578    0.003752    0.628352 ^ _142_/CLK (sky130_fd_sc_hd__dfrtp_1)
     3    0.030115    0.107661    0.314701    0.943053 v _142_/Q (sky130_fd_sc_hd__dfrtp_1)
                                                         net63 (net)
                      0.107740    0.002690    0.945743 v output63/A (sky130_fd_sc_hd__buf_1)
     1    0.000718    0.013820    0.075127    1.020870 v output63/X (sky130_fd_sc_hd__buf_1)
                                                         sine_out[5] (net)
                      0.013820    0.000008    1.020878 v sine_out[5] (out)
                                              1.020878   data arrival time

                                  5.000000    5.000000   clock clk (rise edge)
                                  0.000000    5.000000   clock network delay (propagated)
                                 -0.250000    4.750000   clock uncertainty
                                  0.000000    4.750000   clock reconvergence pessimism
                                 -2.500000    2.250000   output external delay
                                              2.250000   data required time
---------------------------------------------------------------------------------------------
                                              2.250000   data required time
                                             -1.020878   data arrival time
---------------------------------------------------------------------------------------------
                                              1.229122   slack (MET)




===========================================================================
report_checks --slack_max -0.01
============================================================================
======================= nom_ff_n40C_1v95 Corner ===================================

No paths found.


===========================================================================
 report_check_types -max_slew -max_cap -max_fanout -violators
============================================================================
======================= nom_ff_n40C_1v95 Corner ===================================

max slew

Pin                                        Limit        Slew       Slack
------------------------------------------------------------------------
mem_i1/addr1[0]                         0.045000    0.422879   -0.377879 (VIOLATED)
mem_i1/addr1[1]                         0.045000    0.410960   -0.365960 (VIOLATED)
mem_i0/addr1[7]                         0.045000    0.397125   -0.352125 (VIOLATED)
mem_i1/addr0[1]                         0.040000    0.363900   -0.323900 (VIOLATED)
mem_i0/addr1[6]                         0.045000    0.353481   -0.308481 (VIOLATED)
mem_i0/addr1[5]                         0.045000    0.327613   -0.282613 (VIOLATED)
mem_i0/addr1[2]                         0.045000    0.266764   -0.221764 (VIOLATED)
mem_i0/addr1[4]                         0.045000    0.227042   -0.182042 (VIOLATED)
mem_i0/addr0[4]                         0.040000    0.221555   -0.181555 (VIOLATED)
mem_i1/addr1[3]                         0.045000    0.217471   -0.172471 (VIOLATED)
mem_i1/addr1[2]                         0.045000    0.203739   -0.158739 (VIOLATED)
mem_i0/addr0[3]                         0.040000    0.194532   -0.154532 (VIOLATED)
mem_i0/addr1[3]                         0.045000    0.199413   -0.154413 (VIOLATED)
mem_i1/addr1[4]                         0.045000    0.187899   -0.142899 (VIOLATED)
mem_i1/addr0[0]                         0.040000    0.170939   -0.130939 (VIOLATED)
mem_i0/addr0[2]                         0.040000    0.168867   -0.128867 (VIOLATED)
mem_i0/addr0[0]                         0.040000    0.164479   -0.124479 (VIOLATED)
mem_i0/addr1[0]                         0.045000    0.166592   -0.121592 (VIOLATED)
mem_i0/addr0[6]                         0.040000    0.151815   -0.111815 (VIOLATED)
mem_i1/addr0[4]                         0.040000    0.146110   -0.106110 (VIOLATED)
mem_i1/addr0[3]                         0.040000    0.146034   -0.106034 (VIOLATED)
mem_i1/addr0[2]                         0.040000    0.145056   -0.105056 (VIOLATED)
mem_i1/addr0[7]                         0.040000    0.144982   -0.104982 (VIOLATED)
mem_i1/addr0[5]                         0.040000    0.144981   -0.104981 (VIOLATED)
mem_i1/addr0[6]                         0.040000    0.144571   -0.104571 (VIOLATED)
mem_i0/addr0[5]                         0.040000    0.143276   -0.103276 (VIOLATED)
mem_i0/addr0[7]                         0.040000    0.142383   -0.102383 (VIOLATED)
mem_i0/addr0[1]                         0.040000    0.140528   -0.100528 (VIOLATED)
mem_i1/addr1[6]                         0.045000    0.113995   -0.068995 (VIOLATED)
mem_i1/addr1[5]                         0.045000    0.098947   -0.053947 (VIOLATED)
mem_i1/addr1[7]                         0.045000    0.095924   -0.050924 (VIOLATED)
mem_i0/addr1[1]                         0.045000    0.082617   -0.037617 (VIOLATED)

max fanout

Pin                                   Limit Fanout  Slack
---------------------------------------------------------
clkbuf_2_1__f_clk/X                      10     21    -11 (VIOLATED)
fanout84/X                               10     21    -11 (VIOLATED)
clkbuf_2_0__f_clk/X                      10     19     -9 (VIOLATED)
fanout112/X                              10     17     -7 (VIOLATED)
clkbuf_2_3__f_clk/X                      10     15     -5 (VIOLATED)
fanout85/X                               10     15     -5 (VIOLATED)
clkbuf_2_2__f_clk/X                      10     13     -3 (VIOLATED)
fanout111/X                              10     11        (VIOLATED)



===========================================================================
report_parasitic_annotation -report_unannotated
============================================================================
Found 5 unannotated drivers.
 clkload0/X
 clkload1/X
 clkload2/Y
 mem_i0_113/HI
 mem_i1_114/HI
Found 0 partially unannotated drivers.

===========================================================================
max slew violation count 32
max fanout violation count 8
max cap violation count 0
============================================================================

===========================================================================
check_setup -verbose -unconstrained_endpoints -multiple_clock -no_clock -no_input_delay -loops -generated_clocks
===========================================================================
Warning: There are 50 input ports missing set_input_delay.
  addr00[0]
  addr00[1]
  addr00[2]
  addr00[3]
  addr00[4]
  addr00[5]
  addr00[6]
  addr00[7]
  addr01[0]
  addr01[1]
  addr01[2]
  addr01[3]
  addr01[4]
  addr01[5]
  addr01[6]
  addr01[7]
  csb00
  csb01
  din00[0]
  din00[10]
  din00[11]
  din00[12]
  din00[13]
  din00[14]
  din00[15]
  din00[1]
  din00[2]
  din00[3]
  din00[4]
  din00[5]
  din00[6]
  din00[7]
  din00[8]
  din00[9]
  din01[0]
  din01[10]
  din01[11]
  din01[12]
  din01[13]
  din01[14]
  din01[15]
  din01[1]
  din01[2]
  din01[3]
  din01[4]
  din01[5]
  din01[6]
  din01[7]
  din01[8]
  din01[9]
Warning: There are 52 unconstrained endpoints.
  mem_i0/addr0[0]
  mem_i0/addr0[1]
  mem_i0/addr0[2]
  mem_i0/addr0[3]
  mem_i0/addr0[4]
  mem_i0/addr0[5]
  mem_i0/addr0[6]
  mem_i0/addr0[7]
  mem_i0/csb0
  mem_i0/csb1
  mem_i0/din0[0]
  mem_i0/din0[10]
  mem_i0/din0[11]
  mem_i0/din0[12]
  mem_i0/din0[13]
  mem_i0/din0[14]
  mem_i0/din0[15]
  mem_i0/din0[1]
  mem_i0/din0[2]
  mem_i0/din0[3]
  mem_i0/din0[4]
  mem_i0/din0[5]
  mem_i0/din0[6]
  mem_i0/din0[7]
  mem_i0/din0[8]
  mem_i0/din0[9]
  mem_i1/addr0[0]
  mem_i1/addr0[1]
  mem_i1/addr0[2]
  mem_i1/addr0[3]
  mem_i1/addr0[4]
  mem_i1/addr0[5]
  mem_i1/addr0[6]
  mem_i1/addr0[7]
  mem_i1/csb0
  mem_i1/csb1
  mem_i1/din0[0]
  mem_i1/din0[10]
  mem_i1/din0[11]
  mem_i1/din0[12]
  mem_i1/din0[13]
  mem_i1/din0[14]
  mem_i1/din0[15]
  mem_i1/din0[1]
  mem_i1/din0[2]
  mem_i1/din0[3]
  mem_i1/din0[4]
  mem_i1/din0[5]
  mem_i1/din0[6]
  mem_i1/din0[7]
  mem_i1/din0[8]
  mem_i1/din0[9]
