Clock: clk
Sources: clk 
Generated: no
Virtual: yes
Propagated: no
Period: 5.000000

===========================================================================
report_clock_properties
============================================================================
Clock                   Period          Waveform
----------------------------------------------------
clk                   5.000000    0.000000  2.500000

===========================================================================
report_clock_latency
============================================================================
Clock clk
rise -> rise
    min     max
0.000000 0.000000 source latency
0.615407         network latency mem_i0/clk1
        0.645034 network latency _123_/CLK
---------------
0.615407 0.645034 latency
        0.029627 skew

fall -> fall
    min     max
0.000000 0.000000 source latency
0.476781         network latency mem_i0/clk1
        0.499548 network latency _123_/CLK
---------------
0.476781 0.499548 latency
        0.022767 skew



===========================================================================
report_clock_min_period
============================================================================
clk period_min = 1.20 fmax = 833.98
