
===========================================================================
 report_power
============================================================================
======================= nom_ff_n40C_1v95 Corner ===================================

Group                    Internal    Switching      Leakage        Total
                            Power        Power        Power        Power (Watts)
------------------------------------------------------------------------
Sequential           2.349171e-04 0.000000e+00 4.026595e-10 2.349175e-04   0.0%
Combinational        4.439798e-06 1.516658e-05 1.206648e-09 1.960758e-05   0.0%
Clock                2.481949e-04 3.493738e-04 9.133058e-09 5.975778e-04   0.0%
Macro                4.187275e+07 0.000000e+00 1.944400e-05 4.187275e+07 100.0%
Pad                  0.000000e+00 0.000000e+00 0.000000e+00 0.000000e+00   0.0%
------------------------------------------------------------------------
Total                4.187275e+07 3.645404e-04 1.945475e-05 4.187275e+07 100.0%
                           100.0%         0.0%         0.0%

