┏━━━━━━━━━━━━━━━━━━━━━━┳━━━━━━━━━━┳━━━━━━━━━━┳━━━━━━━━━━┳━━━━━━━━━━┳━━━━━━━━━━━┳━━━━━━━━━━┳━━━━━━━━━━━┳━━━━━━━━━━┳━━━━━━━━━━━┳━━━━━━━━━━┳━━━━━━━━━━━┳━━━━━━━━━━┓
┃                      ┃ Hold     ┃ Reg to   ┃          ┃          ┃ of which  ┃ Setup    ┃           ┃          ┃           ┃ of which ┃           ┃          ┃
┃                      ┃ Worst    ┃ Reg      ┃          ┃ Hold Vio ┃ reg to    ┃ Worst    ┃ Reg to    ┃ Setup    ┃ Setup Vio ┃ reg to   ┃ Max Cap   ┃ Max Slew ┃
┃ Corner/Group         ┃ Slack    ┃ Paths    ┃ Hold TNS ┃ Count    ┃ reg       ┃ Slack    ┃ Reg Paths ┃ TNS      ┃ Count     ┃ reg      ┃ Violatio… ┃ Violati… ┃
┡━━━━━━━━━━━━━━━━━━━━━━╇━━━━━━━━━━╇━━━━━━━━━━╇━━━━━━━━━━╇━━━━━━━━━━╇━━━━━━━━━━━╇━━━━━━━━━━╇━━━━━━━━━━━╇━━━━━━━━━━╇━━━━━━━━━━━╇━━━━━━━━━━╇━━━━━━━━━━━╇━━━━━━━━━━┩
│ Overall              │ 0.7696   │ 0.7696   │ 0.0000   │ 0        │ 0         │ -0.1769  │ -0.1403   │ -2.5211  │ 49        │ 11       │ 1         │ 88       │
│ min_ss_100C_1v60     │ 0.7696   │ 0.7696   │ 0.0000   │ 0        │ 0         │ -0.0352  │ 0.0213    │ -0.1629  │ 7         │ 0        │ 1         │ 80       │
│ nom_ss_100C_1v60     │ 0.7754   │ 0.7754   │ 0.0000   │ 0        │ 0         │ -0.1219  │ -0.0894   │ -1.4269  │ 19        │ 4        │ 1         │ 88       │
│ max_ss_100C_1v60     │ 0.7793   │ 0.7793   │ 0.0000   │ 0        │ 0         │ -0.1769  │ -0.1403   │ -2.5211  │ 23        │ 7        │ 1         │ 88       │
└──────────────────────┴──────────┴──────────┴──────────┴──────────┴───────────┴──────────┴───────────┴──────────┴───────────┴──────────┴───────────┴──────────┘
