                                                                       Cells by Function                                                                        
┏━━━━━━━━━━━━━━━━━━━━━━━━━━━━━━━━━━━━━━━━━━━━━━━━━━━━━━━━━━━━━━━━━━━━━━━━━━━━━━━━━━━━━━━━━━━━━━━━━━━━━━━━━━━━━━━━━━━━━━━━━━━━━━━━━┳━━━━━━━━━━━━━━━━━━━━━━━━━━━━┓
┃ Cell Function                                                                                                                   ┃ Count                      ┃
┡━━━━━━━━━━━━━━━━━━━━━━━━━━━━━━━━━━━━━━━━━━━━━━━━━━━━━━━━━━━━━━━━━━━━━━━━━━━━━━━━━━━━━━━━━━━━━━━━━━━━━━━━━━━━━━━━━━━━━━━━━━━━━━━━━╇━━━━━━━━━━━━━━━━━━━━━━━━━━━━┩
│ sky130_ef_sc_hd__decap                                                                                                          │ 36317                      │
│ sky130_fd_sc_hd__a21oi                                                                                                          │ 2                          │
│ sky130_fd_sc_hd__a41o                                                                                                           │ 1                          │
│ sky130_fd_sc_hd__and2                                                                                                           │ 1                          │
│ sky130_fd_sc_hd__and2b                                                                                                          │ 1                          │
│ sky130_fd_sc_hd__and3                                                                                                           │ 2                          │
│ sky130_fd_sc_hd__and4                                                                                                           │ 2                          │
│ sky130_fd_sc_hd__buf                                                                                                            │ 57                         │
│ sky130_fd_sc_hd__clkbuf                                                                                                         │ 74                         │
│ sky130_fd_sc_hd__clkinv                                                                                                         │ 2                          │
│ sky130_fd_sc_hd__clkinvlp                                                                                                       │ 1                          │
│ sky130_fd_sc_hd__conb                                                                                                           │ 2                          │
│ sky130_fd_sc_hd__decap                                                                                                          │ 10534                      │
│ sky130_fd_sc_hd__dfrtp                                                                                                          │ 25                         │
│ sky130_fd_sc_hd__diode                                                                                                          │ 409                        │
│ sky130_fd_sc_hd__dlygate4sd3                                                                                                    │ 2                          │
│ sky130_fd_sc_hd__dlymetal6s2s                                                                                                   │ 7                          │
│ sky130_fd_sc_hd__fill                                                                                                           │ 9206                       │
│ sky130_fd_sc_hd__inv                                                                                                            │ 26                         │
│ sky130_fd_sc_hd__mux2                                                                                                           │ 16                         │
│ sky130_fd_sc_hd__nor2                                                                                                           │ 4                          │
│ sky130_fd_sc_hd__tapvpwrvgnd                                                                                                    │ 9275                       │
│ sky130_fd_sc_hd__xor2                                                                                                           │ 4                          │
└─────────────────────────────────────────────────────────────────────────────────────────────────────────────────────────────────┴────────────────────────────┘
