
===========================================================================
report_checks -unconstrained
===========================================================================
======================= max_ss_100C_1v60 Corner ===================================

Startpoint: rst (input port clocked by clk)
Endpoint: _081_ (recovery check against rising-edge clock clk)
Path Group: asynchronous
Path Type: max

Fanout         Cap        Slew       Delay        Time   Description
---------------------------------------------------------------------------------------------
                                  0.000000    0.000000   clock clk (rise edge)
                                  0.000000    0.000000   clock network delay (propagated)
                                  2.000000    2.000000 v input external delay
     2    0.003649    0.021754    0.011945    2.011945 v rst (in)
                                                         rst (net)
                      0.021754    0.000000    2.011945 v input26/A (sky130_fd_sc_hd__buf_1)
     1    0.008371    0.107720    0.186174    2.198118 v input26/X (sky130_fd_sc_hd__buf_1)
                                                         net26 (net)
                      0.107721    0.000605    2.198723 v fanout56/A (sky130_fd_sc_hd__clkbuf_8)
    21    0.116552    0.226485    0.399710    2.598433 v fanout56/X (sky130_fd_sc_hd__clkbuf_8)
                                                         net56 (net)
                      0.231980    0.028086    2.626519 v fanout54/A (sky130_fd_sc_hd__buf_4)
    10    0.054278    0.142208    0.414314    3.040833 v fanout54/X (sky130_fd_sc_hd__buf_4)
                                                         net54 (net)
                      0.142268    0.002748    3.043581 v _057_/A (sky130_fd_sc_hd__inv_2)
     1    0.006653    0.071334    0.117404    3.160985 ^ _057_/Y (sky130_fd_sc_hd__inv_2)
                                                         _010_ (net)
                      0.071336    0.000427    3.161412 ^ _081_/RESET_B (sky130_fd_sc_hd__dfrtp_1)
                                              3.161412   data arrival time

                                 10.000000   10.000000   clock clk (rise edge)
                                  0.000000   10.000000   clock source latency
     2    0.071073    0.513107    0.366517   10.366518 ^ clk (in)
                                                         clk (net)
                      0.515067    0.000000   10.366518 ^ clkbuf_0_clk/A (sky130_fd_sc_hd__clkbuf_16)
     5    0.077001    0.147864    0.474873   10.841391 ^ clkbuf_0_clk/X (sky130_fd_sc_hd__clkbuf_16)
                                                         clknet_0_clk (net)
                      0.147948    0.002194   10.843584 ^ clkbuf_1_0__f_clk/A (sky130_fd_sc_hd__clkbuf_16)
    31    0.126312    0.214083    0.370202   11.213786 ^ clkbuf_1_0__f_clk/X (sky130_fd_sc_hd__clkbuf_16)
                                                         clknet_1_0__leaf_clk (net)
                      0.214458    0.007509   11.221294 ^ _081_/CLK (sky130_fd_sc_hd__dfrtp_1)
                                 -0.250000   10.971294   clock uncertainty
                                  0.000000   10.971294   clock reconvergence pessimism
                                  0.510192   11.481486   library recovery time
                                             11.481486   data required time
---------------------------------------------------------------------------------------------
                                             11.481486   data required time
                                             -3.161412   data arrival time
---------------------------------------------------------------------------------------------
                                              8.320074   slack (MET)


Startpoint: mem_i (falling edge-triggered flip-flop clocked by clk)
Endpoint: _102_ (rising edge-triggered flip-flop clocked by clk)
Path Group: clk
Path Type: max

Fanout         Cap        Slew       Delay        Time   Description
---------------------------------------------------------------------------------------------
                                  5.000000    5.000000   clock clk (fall edge)
                                  0.000000    5.000000   clock source latency
     2    0.070135    0.304018    0.225320    5.225320 v clk (in)
                                                         clk (net)
                      0.307236    0.000000    5.225320 v clkbuf_0_clk/A (sky130_fd_sc_hd__clkbuf_16)
     5    0.075073    0.108176    0.419574    5.644894 v clkbuf_0_clk/X (sky130_fd_sc_hd__clkbuf_16)
                                                         clknet_0_clk (net)
                      0.113188    0.018018    5.662911 v clkbuf_1_1__f_clk/A (sky130_fd_sc_hd__clkbuf_16)
    25    0.102032    0.132879    0.346678    6.009589 v clkbuf_1_1__f_clk/X (sky130_fd_sc_hd__clkbuf_16)
                                                         clknet_1_1__leaf_clk (net)
                      0.179708    0.012589    6.022178 v mem_i/clk1 (ram_256x16)
     2    0.012649    0.008065    0.354318    6.376496 v mem_i/dout1[2] (ram_256x16)
                                                         sine_out_temp[2] (net)
                      0.006048    0.000523    6.377018 v _102_/D (sky130_fd_sc_hd__dfrtp_1)
                                              6.377018   data arrival time

                                 10.000000   10.000000   clock clk (rise edge)
                                  0.000000   10.000000   clock source latency
     2    0.071073    0.513107    0.366517   10.366518 ^ clk (in)
                                                         clk (net)
                      0.515067    0.000000   10.366518 ^ clkbuf_0_clk/A (sky130_fd_sc_hd__clkbuf_16)
     5    0.077001    0.147864    0.474873   10.841391 ^ clkbuf_0_clk/X (sky130_fd_sc_hd__clkbuf_16)
                                                         clknet_0_clk (net)
                      0.147948    0.002194   10.843584 ^ clkbuf_1_0__f_clk/A (sky130_fd_sc_hd__clkbuf_16)
    31    0.126312    0.214083    0.370202   11.213786 ^ clkbuf_1_0__f_clk/X (sky130_fd_sc_hd__clkbuf_16)
                                                         clknet_1_0__leaf_clk (net)
                      0.215102    0.012029   11.225815 ^ _102_/CLK (sky130_fd_sc_hd__dfrtp_1)
                                 -0.250000   10.975815   clock uncertainty
                                  0.000000   10.975815   clock reconvergence pessimism
                                 -0.211295   10.764521   library setup time
                                             10.764521   data required time
---------------------------------------------------------------------------------------------
                                             10.764521   data required time
                                             -6.377018   data arrival time
---------------------------------------------------------------------------------------------
                                              4.387502   slack (MET)




===========================================================================
report_checks --slack_max -0.01
============================================================================
======================= max_ss_100C_1v60 Corner ===================================

No paths found.


===========================================================================
 report_check_types -max_slew -max_cap -max_fanout -violators
============================================================================
======================= max_ss_100C_1v60 Corner ===================================

max slew

Pin                                        Limit        Slew       Slack
------------------------------------------------------------------------
mem_i/addr1[5]                          0.045000    0.392911   -0.347911 (VIOLATED)
mem_i/addr1[1]                          0.045000    0.382115   -0.337115 (VIOLATED)
mem_i/addr0[3]                          0.040000    0.344544   -0.304544 (VIOLATED)
mem_i/addr1[6]                          0.045000    0.338691   -0.293691 (VIOLATED)
mem_i/addr1[4]                          0.045000    0.328533   -0.283533 (VIOLATED)
mem_i/addr0[4]                          0.040000    0.318864   -0.278864 (VIOLATED)
mem_i/addr0[5]                          0.040000    0.316641   -0.276641 (VIOLATED)
mem_i/addr1[0]                          0.045000    0.320961   -0.275961 (VIOLATED)
mem_i/addr0[2]                          0.040000    0.314760   -0.274760 (VIOLATED)
mem_i/addr0[7]                          0.040000    0.314601   -0.274601 (VIOLATED)
mem_i/addr0[6]                          0.040000    0.313922   -0.273923 (VIOLATED)
mem_i/addr1[7]                          0.045000    0.308797   -0.263797 (VIOLATED)
mem_i/addr0[1]                          0.040000    0.289696   -0.249696 (VIOLATED)
mem_i/addr0[0]                          0.040000    0.287945   -0.247945 (VIOLATED)
mem_i/addr1[3]                          0.045000    0.277534   -0.232534 (VIOLATED)
mem_i/addr1[2]                          0.045000    0.256832   -0.211832 (VIOLATED)

max fanout

Pin                                   Limit Fanout  Slack
---------------------------------------------------------
clkbuf_1_0__f_clk/X                      10     31    -21 (VIOLATED)
clkbuf_1_1__f_clk/X                      10     25    -15 (VIOLATED)
fanout56/X                               10     21    -11 (VIOLATED)
_043_/X                                  10     15     -5 (VIOLATED)



===========================================================================
report_parasitic_annotation -report_unannotated
============================================================================
Found 2 unannotated drivers.
 clkload0/Y
 mem_i_57/HI
Found 0 partially unannotated drivers.

===========================================================================
max slew violation count 16
max fanout violation count 4
max cap violation count 0
============================================================================

===========================================================================
check_setup -verbose -unconstrained_endpoints -multiple_clock -no_clock -no_input_delay -loops -generated_clocks
===========================================================================
Warning: There is 1 unconstrained endpoint.
  mem_i/csb1
