Clock: clk
Sources: clk 
Generated: no
Virtual: yes
Propagated: no
Period: 5.000000

===========================================================================
report_clock_properties
============================================================================
Clock                   Period          Waveform
----------------------------------------------------
clk                   5.000000    0.000000  2.500000

===========================================================================
report_clock_latency
============================================================================
Clock clk
rise -> rise
    min     max
0.000000 0.000000 source latency
0.593862         network latency mem_i0/clk1
        0.620019 network latency _123_/CLK
---------------
0.593862 0.620019 latency
        0.026157 skew

fall -> fall
    min     max
0.000000 0.000000 source latency
0.461654         network latency mem_i0/clk1
        0.481543 network latency _123_/CLK
---------------
0.461654 0.481543 latency
        0.019889 skew



===========================================================================
report_clock_min_period
============================================================================
clk period_min = 1.18 fmax = 847.91
