
===========================================================================
 report_power
============================================================================
======================= max_ff_n40C_1v95 Corner ===================================

Group                    Internal    Switching      Leakage        Total
                            Power        Power        Power        Power (Watts)
------------------------------------------------------------------------
Sequential           2.350490e-04 0.000000e+00 4.026595e-10 2.350494e-04   0.0%
Combinational        4.470513e-06 1.552847e-05 1.206648e-09 2.000019e-05   0.0%
Clock                2.483969e-04 3.629276e-04 9.133058e-09 6.113336e-04   0.0%
Macro                4.187275e+07 0.000000e+00 1.944400e-05 4.187275e+07 100.0%
Pad                  0.000000e+00 0.000000e+00 0.000000e+00 0.000000e+00   0.0%
------------------------------------------------------------------------
Total                4.187275e+07 3.784561e-04 1.945475e-05 4.187275e+07 100.0%
                           100.0%         0.0%         0.0%

