Clock: clk
Sources: clk 
Generated: no
Virtual: yes
Propagated: no
Period: 5.000000

===========================================================================
report_clock_properties
============================================================================
Clock                   Period          Waveform
----------------------------------------------------
clk                   5.000000    0.000000  2.500000

===========================================================================
report_clock_latency
============================================================================
Clock clk
rise -> rise
    min     max
0.000000 0.000000 source latency
1.393957         network latency _134_/CLK
        1.413929 network latency mem_i1/clk1
---------------
1.393957 1.413929 latency
        0.019972 skew

fall -> fall
    min     max
0.000000 0.000000 source latency
1.121975         network latency _134_/CLK
        1.137962 network latency mem_i1/clk1
---------------
1.121975 1.137962 latency
        0.015987 skew



===========================================================================
report_clock_min_period
============================================================================
clk period_min = 4.03 fmax = 248.14
