┏━━━━━━━━━━━━━━━━━━━━━━┳━━━━━━━━━━┳━━━━━━━━━━┳━━━━━━━━━━┳━━━━━━━━━━┳━━━━━━━━━━━┳━━━━━━━━━━┳━━━━━━━━━━━┳━━━━━━━━━━┳━━━━━━━━━━━┳━━━━━━━━━━┳━━━━━━━━━━━┳━━━━━━━━━━┓
┃                      ┃ Hold     ┃ Reg to   ┃          ┃          ┃ of which  ┃ Setup    ┃           ┃          ┃           ┃ of which ┃           ┃          ┃
┃                      ┃ Worst    ┃ Reg      ┃          ┃ Hold Vio ┃ reg to    ┃ Worst    ┃ Reg to    ┃ Setup    ┃ Setup Vio ┃ reg to   ┃ Max Cap   ┃ Max Slew ┃
┃ Corner/Group         ┃ Slack    ┃ Paths    ┃ Hold TNS ┃ Count    ┃ reg       ┃ Slack    ┃ Reg Paths ┃ TNS      ┃ Count     ┃ reg      ┃ Violatio… ┃ Violati… ┃
┡━━━━━━━━━━━━━━━━━━━━━━╇━━━━━━━━━━╇━━━━━━━━━━╇━━━━━━━━━━╇━━━━━━━━━━╇━━━━━━━━━━━╇━━━━━━━━━━╇━━━━━━━━━━━╇━━━━━━━━━━╇━━━━━━━━━━━╇━━━━━━━━━━╇━━━━━━━━━━━╇━━━━━━━━━━┩
│ Overall              │ 0.1483   │ 0.1483   │ 0.0000   │ 0        │ 0         │ -0.1491  │ 0.9798    │ -2.2340  │ 48        │ 0        │ 0         │ 16       │
│ nom_tt_025C_1v80     │ 0.3401   │ 0.3401   │ 0.0000   │ 0        │ 0         │ 0.9775   │ 1.9546    │ 0.0000   │ 0         │ 0        │ 0         │ 16       │
│ nom_ss_100C_1v60     │ 0.8339   │ 0.8339   │ 0.0000   │ 0        │ 0         │ -0.1102  │ 0.9917    │ -1.6663  │ 16        │ 0        │ 0         │ 16       │
│ nom_ff_n40C_1v95     │ 0.1534   │ 0.1534   │ 0.0000   │ 0        │ 0         │ 1.3966   │ 1.9289    │ 0.0000   │ 0         │ 0        │ 0         │ 16       │
│ min_tt_025C_1v80     │ 0.3325   │ 0.3325   │ 0.0000   │ 0        │ 0         │ 1.0136   │ 1.9561    │ 0.0000   │ 0         │ 0        │ 0         │ 16       │
│ min_ss_100C_1v60     │ 0.8208   │ 0.8208   │ 0.0000   │ 0        │ 0         │ -0.0480  │ 1.0013    │ -0.6759  │ 16        │ 0        │ 0         │ 16       │
│ min_ff_n40C_1v95     │ 0.1483   │ 0.1483   │ 0.0000   │ 0        │ 0         │ 1.4261   │ 1.9330    │ 0.0000   │ 0         │ 0        │ 0         │ 16       │
│ max_tt_025C_1v80     │ 0.3452   │ 0.3452   │ 0.0000   │ 0        │ 0         │ 0.9487   │ 1.9517    │ 0.0000   │ 0         │ 0        │ 0         │ 16       │
│ max_ss_100C_1v60     │ 0.8423   │ 0.8423   │ 0.0000   │ 0        │ 0         │ -0.1491  │ 0.9798    │ -2.2340  │ 16        │ 0        │ 0         │ 16       │
│ max_ff_n40C_1v95     │ 0.1567   │ 0.1567   │ 0.0000   │ 0        │ 0         │ 1.3729   │ 1.9237    │ 0.0000   │ 0         │ 0        │ 0         │ 16       │
└──────────────────────┴──────────┴──────────┴──────────┴──────────┴───────────┴──────────┴───────────┴──────────┴───────────┴──────────┴───────────┴──────────┘
