
===========================================================================
 report_power
============================================================================
======================= nom_tt_025C_1v80 Corner ===================================

Group                    Internal    Switching      Leakage        Total
                            Power        Power        Power        Power (Watts)
------------------------------------------------------------------------
Sequential           2.020916e-04 0.000000e+00 3.344142e-10 2.020919e-04   0.0%
Combinational        3.661296e-06 1.027432e-05 6.696417e-10 1.393628e-05   0.0%
Clock                2.144958e-04 1.915388e-04 3.080822e-09 4.060376e-04   0.0%
Macro                4.187275e+07 0.000000e+00 1.944400e-05 4.187275e+07 100.0%
Pad                  0.000000e+00 0.000000e+00 0.000000e+00 0.000000e+00   0.0%
------------------------------------------------------------------------
Total                4.187275e+07 2.018131e-04 1.944850e-05 4.187275e+07 100.0%
                           100.0%         0.0%         0.0%
Writing metric power__internal__total: 41872752.0
Writing metric power__switching__total: 0.00020181307627353817
Writing metric power__leakage__total: 1.9448496459517628e-5
Writing metric power__total: 41872752.0

