┏━━━━━━━━━━━━━━━━━━━━━━┳━━━━━━━━━━┳━━━━━━━━━━┳━━━━━━━━━━┳━━━━━━━━━━┳━━━━━━━━━━━┳━━━━━━━━━━┳━━━━━━━━━━━┳━━━━━━━━━━┳━━━━━━━━━━━┳━━━━━━━━━━┳━━━━━━━━━━━┳━━━━━━━━━━┓
┃                      ┃ Hold     ┃ Reg to   ┃          ┃          ┃ of which  ┃ Setup    ┃           ┃          ┃           ┃ of which ┃           ┃          ┃
┃                      ┃ Worst    ┃ Reg      ┃          ┃ Hold Vio ┃ reg to    ┃ Worst    ┃ Reg to    ┃ Setup    ┃ Setup Vio ┃ reg to   ┃ Max Cap   ┃ Max Slew ┃
┃ Corner/Group         ┃ Slack    ┃ Paths    ┃ Hold TNS ┃ Count    ┃ reg       ┃ Slack    ┃ Reg Paths ┃ TNS      ┃ Count     ┃ reg      ┃ Violatio… ┃ Violati… ┃
┡━━━━━━━━━━━━━━━━━━━━━━╇━━━━━━━━━━╇━━━━━━━━━━╇━━━━━━━━━━╇━━━━━━━━━━╇━━━━━━━━━━━╇━━━━━━━━━━╇━━━━━━━━━━━╇━━━━━━━━━━╇━━━━━━━━━━━╇━━━━━━━━━━╇━━━━━━━━━━━╇━━━━━━━━━━┩
│ Overall              │ 0.0739   │ 0.0739   │ 0.0000   │ 0        │ 0         │ 0.8378   │ 1.8413    │ 0.0000   │ 0         │ 0        │ 0         │ 41       │
│ nom_tt_025C_1v80     │ 0.2468   │ 0.2468   │ 0.0000   │ 0        │ 0         │ 1.5303   │ 1.9531    │ 0.0000   │ 0         │ 0        │ 0         │ 16       │
│ nom_ss_100C_1v60     │ 0.6950   │ 0.6950   │ 0.0000   │ 0        │ 0         │ 0.8528   │ 1.8569    │ 0.0000   │ 0         │ 0        │ 0         │ 41       │
│ nom_ff_n40C_1v95     │ 0.0739   │ 0.0739   │ 0.0000   │ 0        │ 0         │ 1.7745   │ 1.9458    │ 0.0000   │ 0         │ 0        │ 0         │ 8        │
│ min_tt_025C_1v80     │ 0.2467   │ 0.2467   │ 0.0000   │ 0        │ 0         │ 1.5240   │ 1.9626    │ 0.0000   │ 0         │ 0        │ 0         │ 16       │
│ min_ss_100C_1v60     │ 0.6871   │ 0.6871   │ 0.0000   │ 0        │ 0         │ 0.8664   │ 1.8705    │ 0.0000   │ 0         │ 0        │ 0         │ 41       │
│ min_ff_n40C_1v95     │ 0.0739   │ 0.0739   │ 0.0000   │ 0        │ 0         │ 1.7745   │ 1.9445    │ 0.0000   │ 0         │ 0        │ 0         │ 8        │
│ max_tt_025C_1v80     │ 0.2499   │ 0.2499   │ 0.0000   │ 0        │ 0         │ 1.5227   │ 1.9567    │ 0.0000   │ 0         │ 0        │ 0         │ 16       │
│ max_ss_100C_1v60     │ 0.7015   │ 0.7015   │ 0.0000   │ 0        │ 0         │ 0.8378   │ 1.8413    │ 0.0000   │ 0         │ 0        │ 0         │ 41       │
│ max_ff_n40C_1v95     │ 0.0741   │ 0.0741   │ 0.0000   │ 0        │ 0         │ 1.7829   │ 1.9352    │ 0.0000   │ 0         │ 0        │ 0         │ 8        │
└──────────────────────┴──────────┴──────────┴──────────┴──────────┴───────────┴──────────┴───────────┴──────────┴───────────┴──────────┴───────────┴──────────┘
