
===========================================================================
 report_power
============================================================================
======================= nom_ff_n40C_1v95 Corner ===================================

Group                    Internal    Switching      Leakage        Total
                            Power        Power        Power        Power (Watts)
------------------------------------------------------------------------
Sequential           2.259997e-04 0.000000e+00 4.044116e-10 2.260001e-04   0.0%
Combinational        9.103118e-06 2.441752e-05 5.662947e-10 3.352120e-05   0.0%
Clock                1.848187e-04 2.251448e-04 5.072466e-09 4.099685e-04   0.0%
Macro                2.093638e+07 0.000000e+00 9.722001e-06 2.093638e+07 100.0%
Pad                  0.000000e+00 0.000000e+00 0.000000e+00 0.000000e+00   0.0%
------------------------------------------------------------------------
Total                2.093638e+07 2.495623e-04 9.728043e-06 2.093638e+07 100.0%
                           100.0%         0.0%         0.0%

