
===========================================================================
 report_power
============================================================================
======================= max_ff_n40C_1v95 Corner ===================================

Group                    Internal    Switching      Leakage        Total
                            Power        Power        Power        Power (Watts)
------------------------------------------------------------------------
Sequential           2.261382e-04 0.000000e+00 4.044116e-10 2.261387e-04   0.0%
Combinational        9.117549e-06 2.506392e-05 7.647369e-10 3.418223e-05   0.0%
Clock                1.849334e-04 2.329461e-04 5.057256e-09 4.178846e-04   0.0%
Macro                2.093638e+07 0.000000e+00 9.722001e-06 2.093638e+07 100.0%
Pad                  0.000000e+00 0.000000e+00 0.000000e+00 0.000000e+00   0.0%
------------------------------------------------------------------------
Total                2.093638e+07 2.580101e-04 9.728231e-06 2.093638e+07 100.0%
                           100.0%         0.0%         0.0%

