
===========================================================================
 report_power
============================================================================
======================= min_ff_n40C_1v95 Corner ===================================

Group                    Internal    Switching      Leakage        Total
                            Power        Power        Power        Power (Watts)
------------------------------------------------------------------------
Sequential           2.287376e-04 0.000000e+00 5.216126e-10 2.287381e-04   0.0%
Combinational        3.767504e-06 5.515852e-06 3.180264e-10 9.283674e-06   0.0%
Clock                0.000000e+00 0.000000e+00 0.000000e+00 0.000000e+00   0.0%
Macro                2.093638e+07 0.000000e+00 9.722001e-06 2.093638e+07 100.0%
Pad                  0.000000e+00 0.000000e+00 0.000000e+00 0.000000e+00   0.0%
------------------------------------------------------------------------
Total                2.093638e+07 5.515852e-06 9.722840e-06 2.093638e+07 100.0%
                           100.0%         0.0%         0.0%

