Clock: clk
Sources: clk 
Generated: no
Virtual: yes
Propagated: no
Period: 5.000000

===========================================================================
report_clock_properties
============================================================================
Clock                   Period          Waveform
----------------------------------------------------
clk                   5.000000    0.000000  2.500000

===========================================================================
report_clock_latency
============================================================================
Clock clk
rise -> rise
    min     max
0.000000 0.000000 source latency
0.627719         network latency mem_i0/clk1
        0.654974 network latency _128_/CLK
---------------
0.627719 0.654974 latency
        0.027255 skew

fall -> fall
    min     max
0.000000 0.000000 source latency
0.508369         network latency mem_i0/clk1
        0.529741 network latency _128_/CLK
---------------
0.508369 0.529741 latency
        0.021372 skew



===========================================================================
report_clock_min_period
============================================================================
clk period_min = 1.68 fmax = 596.41
