
===========================================================================
 report_power
============================================================================
======================= min_ff_n40C_1v95 Corner ===================================

Group                    Internal    Switching      Leakage        Total
                            Power        Power        Power        Power (Watts)
------------------------------------------------------------------------
Sequential           2.258292e-04 0.000000e+00 4.044116e-10 2.258296e-04   0.0%
Combinational        9.083406e-06 2.359648e-05 7.647369e-10 3.268065e-05   0.0%
Clock                1.845699e-04 2.129509e-04 5.057256e-09 3.975258e-04   0.0%
Macro                2.093638e+07 0.000000e+00 9.722001e-06 2.093638e+07 100.0%
Pad                  0.000000e+00 0.000000e+00 0.000000e+00 0.000000e+00   0.0%
------------------------------------------------------------------------
Total                2.093638e+07 2.365475e-04 9.728231e-06 2.093638e+07 100.0%
                           100.0%         0.0%         0.0%

