
===========================================================================
report_checks -unconstrained
===========================================================================
======================= nom_tt_025C_1v80 Corner ===================================

Startpoint: rst (input port clocked by clk)
Endpoint: _081_ (recovery check against rising-edge clock clk)
Path Group: asynchronous
Path Type: max

Fanout         Cap        Slew       Delay        Time   Description
---------------------------------------------------------------------------------------------
                                  0.000000    0.000000   clock clk (rise edge)
                                  0.000000    0.000000   clock network delay (propagated)
                                  2.000000    2.000000 v input external delay
     2    0.004519    0.012587    0.007323    2.007323 v rst (in)
                                                         rst (net)
                      0.012592    0.000000    2.007323 v input26/A (sky130_fd_sc_hd__buf_1)
     1    0.006611    0.046627    0.091536    2.098859 v input26/X (sky130_fd_sc_hd__buf_1)
                                                         net26 (net)
                      0.046629    0.000298    2.099156 v fanout56/A (sky130_fd_sc_hd__clkbuf_8)
    21    0.088349    0.100909    0.201224    2.300380 v fanout56/X (sky130_fd_sc_hd__clkbuf_8)
                                                         net56 (net)
                      0.102837    0.011050    2.311430 v fanout54/A (sky130_fd_sc_hd__buf_4)
    10    0.053545    0.079128    0.214159    2.525589 v fanout54/X (sky130_fd_sc_hd__buf_4)
                                                         net54 (net)
                      0.079173    0.001762    2.527352 v _057_/A (sky130_fd_sc_hd__inv_2)
     1    0.006852    0.043486    0.067311    2.594662 ^ _057_/Y (sky130_fd_sc_hd__inv_2)
                                                         _010_ (net)
                      0.043487    0.000296    2.594958 ^ _081_/RESET_B (sky130_fd_sc_hd__dfrtp_1)
                                              2.594958   data arrival time

                                 10.000000   10.000000   clock clk (rise edge)
                                  0.000000   10.000000   clock source latency
     2    0.051547    0.236740    0.170683   10.170683 ^ clk (in)
                                                         clk (net)
                      0.238105    0.000000   10.170683 ^ clkbuf_0_clk/A (sky130_fd_sc_hd__clkbuf_16)
     5    0.050081    0.070966    0.211071   10.381755 ^ clkbuf_0_clk/X (sky130_fd_sc_hd__clkbuf_16)
                                                         clknet_0_clk (net)
                      0.070991    0.000951   10.382706 ^ clkbuf_1_0__f_clk/A (sky130_fd_sc_hd__clkbuf_16)
    31    0.110221    0.124217    0.197264   10.579969 ^ clkbuf_1_0__f_clk/X (sky130_fd_sc_hd__clkbuf_16)
                                                         clknet_1_0__leaf_clk (net)
                      0.124520    0.004960   10.584929 ^ _081_/CLK (sky130_fd_sc_hd__dfrtp_1)
                                 -0.250000   10.334929   clock uncertainty
                                  0.000000   10.334929   clock reconvergence pessimism
                                  0.255099   10.590028   library recovery time
                                             10.590028   data required time
---------------------------------------------------------------------------------------------
                                             10.590028   data required time
                                             -2.594958   data arrival time
---------------------------------------------------------------------------------------------
                                              7.995070   slack (MET)


Startpoint: mem_i (falling edge-triggered flip-flop clocked by clk)
Endpoint: _101_ (rising edge-triggered flip-flop clocked by clk)
Path Group: clk
Path Type: max

Fanout         Cap        Slew       Delay        Time   Description
---------------------------------------------------------------------------------------------
                                  5.000000    5.000000   clock clk (fall edge)
                                  0.000000    5.000000   clock source latency
     2    0.050510    0.114320    0.086789    5.086789 v clk (in)
                                                         clk (net)
                      0.116956    0.000000    5.086789 v clkbuf_0_clk/A (sky130_fd_sc_hd__clkbuf_16)
     5    0.047964    0.050777    0.195913    5.282702 v clkbuf_0_clk/X (sky130_fd_sc_hd__clkbuf_16)
                                                         clknet_0_clk (net)
                      0.052553    0.007446    5.290148 v clkbuf_1_1__f_clk/A (sky130_fd_sc_hd__clkbuf_16)
    25    0.088775    0.075267    0.187704    5.477852 v clkbuf_1_1__f_clk/X (sky130_fd_sc_hd__clkbuf_16)
                                                         clknet_1_1__leaf_clk (net)
                      0.101447    0.006295    5.484148 v mem_i/clk1 (ram_256x16)
     2    0.008347    0.005775    0.330176    5.814323 v mem_i/dout1[1] (ram_256x16)
                                                         sine_out_temp[1] (net)
                      0.004331    0.000198    5.814521 v _101_/D (sky130_fd_sc_hd__dfrtp_1)
                                              5.814521   data arrival time

                                 10.000000   10.000000   clock clk (rise edge)
                                  0.000000   10.000000   clock source latency
     2    0.051547    0.236740    0.170683   10.170683 ^ clk (in)
                                                         clk (net)
                      0.238105    0.000000   10.170683 ^ clkbuf_0_clk/A (sky130_fd_sc_hd__clkbuf_16)
     5    0.050081    0.070966    0.211071   10.381755 ^ clkbuf_0_clk/X (sky130_fd_sc_hd__clkbuf_16)
                                                         clknet_0_clk (net)
                      0.070991    0.000951   10.382706 ^ clkbuf_1_0__f_clk/A (sky130_fd_sc_hd__clkbuf_16)
    31    0.110221    0.124217    0.197264   10.579969 ^ clkbuf_1_0__f_clk/X (sky130_fd_sc_hd__clkbuf_16)
                                                         clknet_1_0__leaf_clk (net)
                      0.124835    0.006894   10.586864 ^ _101_/CLK (sky130_fd_sc_hd__dfrtp_1)
                                 -0.250000   10.336864   clock uncertainty
                                  0.000000   10.336864   clock reconvergence pessimism
                                 -0.078344   10.258519   library setup time
                                             10.258519   data required time
---------------------------------------------------------------------------------------------
                                             10.258519   data required time
                                             -5.814521   data arrival time
---------------------------------------------------------------------------------------------
                                              4.443997   slack (MET)




===========================================================================
report_checks --slack_max -0.01
============================================================================
======================= nom_tt_025C_1v80 Corner ===================================

No paths found.


===========================================================================
 report_check_types -max_slew -max_cap -max_fanout -violators
============================================================================
======================= nom_tt_025C_1v80 Corner ===================================

max slew

Pin                                        Limit        Slew       Slack
------------------------------------------------------------------------
mem_i/addr0[7]                          0.040000    0.193984   -0.153984 (VIOLATED)
mem_i/addr0[6]                          0.040000    0.191349   -0.151349 (VIOLATED)
mem_i/addr0[2]                          0.040000    0.190383   -0.150383 (VIOLATED)
mem_i/addr0[3]                          0.040000    0.183895   -0.143895 (VIOLATED)
mem_i/addr0[5]                          0.040000    0.181592   -0.141592 (VIOLATED)
mem_i/addr0[4]                          0.040000    0.181435   -0.141435 (VIOLATED)
mem_i/addr0[0]                          0.040000    0.179021   -0.139021 (VIOLATED)
mem_i/addr0[1]                          0.040000    0.177180   -0.137180 (VIOLATED)
mem_i/addr1[5]                          0.045000    0.178348   -0.133348 (VIOLATED)
mem_i/addr1[4]                          0.045000    0.174312   -0.129312 (VIOLATED)
mem_i/addr1[6]                          0.045000    0.172027   -0.127027 (VIOLATED)
mem_i/addr1[1]                          0.045000    0.167414   -0.122414 (VIOLATED)
mem_i/addr1[3]                          0.045000    0.165996   -0.120996 (VIOLATED)
mem_i/addr1[0]                          0.045000    0.158268   -0.113268 (VIOLATED)
mem_i/addr1[7]                          0.045000    0.158056   -0.113056 (VIOLATED)
mem_i/addr1[2]                          0.045000    0.142111   -0.097111 (VIOLATED)

max fanout

Pin                                   Limit Fanout  Slack
---------------------------------------------------------
clkbuf_1_0__f_clk/X                      10     31    -21 (VIOLATED)
clkbuf_1_1__f_clk/X                      10     25    -15 (VIOLATED)
fanout56/X                               10     21    -11 (VIOLATED)
_043_/X                                  10     15     -5 (VIOLATED)



===========================================================================
report_parasitic_annotation -report_unannotated
============================================================================
Found 2 unannotated drivers.
 clkload0/Y
 mem_i_57/HI
Found 0 partially unannotated drivers.

===========================================================================
max slew violation count 16
Writing metric design__max_slew_violation__count__corner:nom_tt_025C_1v80: 16
max fanout violation count 4
Writing metric design__max_fanout_violation__count__corner:nom_tt_025C_1v80: 4
max cap violation count 0
Writing metric design__max_cap_violation__count__corner:nom_tt_025C_1v80: 0
============================================================================

===========================================================================
check_setup -verbose -unconstrained_endpoints -multiple_clock -no_clock -no_input_delay -loops -generated_clocks
===========================================================================
Warning: There is 1 unconstrained endpoint.
  mem_i/csb1
