
===========================================================================
 report_power
============================================================================
======================= max_ff_n40C_1v95 Corner ===================================

Group                    Internal    Switching      Leakage        Total
                            Power        Power        Power        Power (Watts)
------------------------------------------------------------------------
Sequential           2.349379e-04 0.000000e+00 4.026595e-10 2.349383e-04   0.0%
Combinational        4.438087e-06 1.520670e-05 1.269230e-09 1.964606e-05   0.0%
Clock                2.398159e-04 3.525711e-04 1.074219e-08 5.923978e-04   0.0%
Macro                4.187275e+07 0.000000e+00 1.944400e-05 4.187275e+07 100.0%
Pad                  0.000000e+00 0.000000e+00 0.000000e+00 0.000000e+00   0.0%
------------------------------------------------------------------------
Total                4.187275e+07 3.677779e-04 1.945642e-05 4.187275e+07 100.0%
                           100.0%         0.0%         0.0%

