103. Printing statistics.

=== counter ===

   Number of wires:                 70
   Number of wire bits:            107
   Number of public wires:          30
   Number of public wire bits:      67
   Number of ports:                  6
   Number of port bits:             43
   Number of memories:               0
   Number of memory bits:            0
   Number of processes:              0
   Number of cells:                 65
     ram_256x16                      1
     sky130_fd_sc_hd__a21oi_2        2
     sky130_fd_sc_hd__and3_2         4
     sky130_fd_sc_hd__conb_1         1
     sky130_fd_sc_hd__dfrtp_2       24
     sky130_fd_sc_hd__inv_2         25
     sky130_fd_sc_hd__nand2_2        1
     sky130_fd_sc_hd__nor2_2         2
     sky130_fd_sc_hd__o2bb2a_2       1
     sky130_fd_sc_hd__xnor2_2        1
     sky130_fd_sc_hd__xor2_2         3

   Area for cell type \ram_256x16 is unknown!

   Chip area for module '\counter': 870.835200
     of which used for sequential elements: 630.604800 (72.41%)

