
===========================================================================
 report_power
============================================================================
======================= nom_tt_025C_1v80 Corner ===================================

Group                    Internal    Switching      Leakage        Total
                            Power        Power        Power        Power (Watts)
------------------------------------------------------------------------
Sequential           1.939308e-04 0.000000e+00 3.184226e-10 1.939312e-04   0.0%
Combinational        7.949820e-06 1.766205e-05 3.305649e-10 2.561220e-05   0.0%
Clock                1.601886e-04 1.236576e-04 1.573926e-09 2.838477e-04   0.0%
Macro                2.093638e+07 0.000000e+00 9.722001e-06 2.093638e+07 100.0%
Pad                  0.000000e+00 0.000000e+00 0.000000e+00 0.000000e+00   0.0%
------------------------------------------------------------------------
Total                2.093638e+07 1.413196e-04 9.724401e-06 2.093638e+07 100.0%
                           100.0%         0.0%         0.0%
Writing metric power__internal__total: 20936376.0
Writing metric power__switching__total: 0.00014131962961982936
Writing metric power__leakage__total: 9.724401024868712e-6
Writing metric power__total: 20936376.0

